Using cpu device
Training 3000000 timesteps x 8 envs -> /home/hatch/workspace/hackathon/runs/stairs_overnight
---------------------------------
| rollout/           |          |
|    ep_len_mean     | 60.5     |
|    ep_rew_mean     | -53.2    |
|    success_rate    | 0        |
| time/              |          |
|    fps             | 941      |
|    iterations      | 1        |
|    time_elapsed    | 17       |
|    total_timesteps | 16384    |
---------------------------------
----------------------------------------
| rollout/                |            |
|    ep_len_mean          | 63.1       |
|    ep_rew_mean          | -53.6      |
|    success_rate         | 0          |
| time/                   |            |
|    fps                  | 654        |
|    iterations           | 2          |
|    time_elapsed         | 50         |
|    total_timesteps      | 32768      |
| train/                  |            |
|    approx_kl            | 0.07728959 |
|    clip_fraction        | 0.539      |
|    clip_range           | 0.2        |
|    entropy_loss         | -41.2      |
|    explained_variance   | -1.25      |
|    learning_rate        | 0.0003     |
|    loss                 | -0.0578    |
|    n_updates            | 10         |
|    policy_gradient_loss | -0.0258    |
|    std                  | 1          |
|    value_loss           | 0.148      |
----------------------------------------
-----------------------------------------
| rollout/                |             |
|    ep_len_mean          | 61.9        |
|    ep_rew_mean          | -50.9       |
|    success_rate         | 0           |
| time/                   |             |
|    fps                  | 563         |
|    iterations           | 3           |
|    time_elapsed         | 87          |
|    total_timesteps      | 49152       |
| train/                  |             |
|    approx_kl            | 0.089258455 |
|    clip_fraction        | 0.583       |
|    clip_range           | 0.2         |
|    entropy_loss         | -41.2       |
|    explained_variance   | 0.346       |
|    learning_rate        | 0.0003      |
|    loss                 | -0.045      |
|    n_updates            | 20          |
|    policy_gradient_loss | -0.0334     |
|    std                  | 1           |
|    value_loss           | 0.0714      |
-----------------------------------------
----------------------------------------
| rollout/                |            |
|    ep_len_mean          | 65.1       |
|    ep_rew_mean          | -48.1      |
|    success_rate         | 0          |
| time/                   |            |
|    fps                  | 529        |
|    iterations           | 4          |
|    time_elapsed         | 123        |
|    total_timesteps      | 65536      |
| train/                  |            |
|    approx_kl            | 0.10739855 |
|    clip_fraction        | 0.606      |
|    clip_range           | 0.2        |
|    entropy_loss         | -41.1      |
|    explained_variance   | 0.469      |
|    learning_rate        | 0.0003     |
|    loss                 | -0.0737    |
|    n_updates            | 30         |
|    policy_gradient_loss | -0.0356    |
|    std                  | 1          |
|    value_loss           | 0.0513     |
----------------------------------------
----------------------------------------
| rollout/                |            |
|    ep_len_mean          | 66.6       |
|    ep_rew_mean          | -49.3      |
|    success_rate         | 0          |
| time/                   |            |
|    fps                  | 476        |
|    iterations           | 5          |
|    time_elapsed         | 171        |
|    total_timesteps      | 81920      |
| train/                  |            |
|    approx_kl            | 0.12435953 |
|    clip_fraction        | 0.635      |
|    clip_range           | 0.2        |
|    entropy_loss         | -41.1      |
|    explained_variance   | 0.556      |
|    learning_rate        | 0.0003     |
|    loss                 | -0.0909    |
|    n_updates            | 40         |
|    policy_gradient_loss | -0.04      |
|    std                  | 1          |
|    value_loss           | 0.043      |
----------------------------------------
----------------------------------------
| rollout/                |            |
|    ep_len_mean          | 64.9       |
|    ep_rew_mean          | -47.7      |
|    success_rate         | 0          |
| time/                   |            |
|    fps                  | 448        |
|    iterations           | 6          |
|    time_elapsed         | 219        |
|    total_timesteps      | 98304      |
| train/                  |            |
|    approx_kl            | 0.13713565 |
|    clip_fraction        | 0.651      |
|    clip_range           | 0.2        |
|    entropy_loss         | -41.1      |
|    explained_variance   | 0.59       |
|    learning_rate        | 0.0003     |
|    loss                 | -0.047     |
|    n_updates            | 50         |
|    policy_gradient_loss | -0.0429    |
|    std                  | 0.998      |
|    value_loss           | 0.0436     |
----------------------------------------
----------------------------------------
| rollout/                |            |
|    ep_len_mean          | 61.8       |
|    ep_rew_mean          | -41.5      |
|    success_rate         | 0          |
| time/                   |            |
|    fps                  | 339        |
|    iterations           | 7          |
|    time_elapsed         | 337        |
|    total_timesteps      | 114688     |
| train/                  |            |
|    approx_kl            | 0.15161188 |
|    clip_fraction        | 0.666      |
|    clip_range           | 0.2        |
|    entropy_loss         | -41.1      |
|    explained_variance   | 0.575      |
|    learning_rate        | 0.0003     |
|    loss                 | -0.0959    |
|    n_updates            | 60         |
|    policy_gradient_loss | -0.0449    |
|    std                  | 1          |
|    value_loss           | 0.0418     |
----------------------------------------
----------------------------------------
| rollout/                |            |
|    ep_len_mean          | 65.9       |
|    ep_rew_mean          | -37.5      |
|    success_rate         | 0          |
| time/                   |            |
|    fps                  | 303        |
|    iterations           | 8          |
|    time_elapsed         | 432        |
|    total_timesteps      | 131072     |
| train/                  |            |
|    approx_kl            | 0.17392002 |
|    clip_fraction        | 0.686      |
|    clip_range           | 0.2        |
|    entropy_loss         | -41.1      |
|    explained_variance   | 0.554      |
|    learning_rate        | 0.0003     |
|    loss                 | -0.0851    |
|    n_updates            | 70         |
|    policy_gradient_loss | -0.0471    |
|    std                  | 0.998      |
|    value_loss           | 0.0362     |
----------------------------------------
----------------------------------------
| rollout/                |            |
|    ep_len_mean          | 66.1       |
|    ep_rew_mean          | -37.2      |
|    success_rate         | 0          |
| time/                   |            |
|    fps                  | 313        |
|    iterations           | 9          |
|    time_elapsed         | 469        |
|    total_timesteps      | 147456     |
| train/                  |            |
|    approx_kl            | 0.18535194 |
|    clip_fraction        | 0.691      |
|    clip_range           | 0.2        |
|    entropy_loss         | -41.1      |
|    explained_variance   | 0.544      |
|    learning_rate        | 0.0003     |
|    loss                 | -0.0891    |
|    n_updates            | 80         |
|    policy_gradient_loss | -0.05      |
|    std                  | 0.998      |
|    value_loss           | 0.0317     |
----------------------------------------
----------------------------------------
| rollout/                |            |
|    ep_len_mean          | 63.4       |
|    ep_rew_mean          | -33.7      |
|    success_rate         | 0          |
| time/                   |            |
|    fps                  | 324        |
|    iterations           | 10         |
|    time_elapsed         | 505        |
|    total_timesteps      | 163840     |
| train/                  |            |
|    approx_kl            | 0.21412951 |
|    clip_fraction        | 0.707      |
|    clip_range           | 0.2        |
|    entropy_loss         | -41        |
|    explained_variance   | 0.531      |
|    learning_rate        | 0.0003     |
|    loss                 | -0.101     |
|    n_updates            | 90         |
|    policy_gradient_loss | -0.0517    |
|    std                  | 0.995      |
|    value_loss           | 0.0298     |
----------------------------------------
----------------------------------------
| rollout/                |            |
|    ep_len_mean          | 61.1       |
|    ep_rew_mean          | -30.4      |
|    success_rate         | 0          |
| time/                   |            |
|    fps                  | 335        |
|    iterations           | 11         |
|    time_elapsed         | 536        |
|    total_timesteps      | 180224     |
| train/                  |            |
|    approx_kl            | 0.21413332 |
|    clip_fraction        | 0.713      |
|    clip_range           | 0.2        |
|    entropy_loss         | -41        |
|    explained_variance   | 0.501      |
|    learning_rate        | 0.0003     |
|    loss                 | -0.114     |
|    n_updates            | 100        |
|    policy_gradient_loss | -0.0523    |
|    std                  | 0.992      |
|    value_loss           | 0.0281     |
----------------------------------------
----------------------------------------
| rollout/                |            |
|    ep_len_mean          | 62.9       |
|    ep_rew_mean          | -29.2      |
|    success_rate         | 0          |
| time/                   |            |
|    fps                  | 346        |
|    iterations           | 12         |
|    time_elapsed         | 567        |
|    total_timesteps      | 196608     |
| train/                  |            |
|    approx_kl            | 0.24390835 |
|    clip_fraction        | 0.722      |
|    clip_range           | 0.2        |
|    entropy_loss         | -40.9      |
|    explained_variance   | 0.496      |
|    learning_rate        | 0.0003     |
|    loss                 | -0.0997    |
|    n_updates            | 110        |
|    policy_gradient_loss | -0.0543    |
|    std                  | 0.992      |
|    value_loss           | 0.0261     |
----------------------------------------
---------------------------------------
| rollout/                |           |
|    ep_len_mean          | 58.9      |
|    ep_rew_mean          | -23.9     |
|    success_rate         | 0         |
| time/                   |           |
|    fps                  | 354       |
|    iterations           | 13        |
|    time_elapsed         | 600       |
|    total_timesteps      | 212992    |
| train/                  |           |
|    approx_kl            | 0.2553348 |
|    clip_fraction        | 0.728     |
|    clip_range           | 0.2       |
|    entropy_loss         | -40.9     |
|    explained_variance   | 0.427     |
|    learning_rate        | 0.0003    |
|    loss                 | -0.109    |
|    n_updates            | 120       |
|    policy_gradient_loss | -0.054    |
|    std                  | 0.99      |
|    value_loss           | 0.0253    |
---------------------------------------
---------------------------------------
| rollout/                |           |
|    ep_len_mean          | 62.2      |
|    ep_rew_mean          | -25.2     |
|    success_rate         | 0         |
| time/                   |           |
|    fps                  | 361       |
|    iterations           | 14        |
|    time_elapsed         | 634       |
|    total_timesteps      | 229376    |
| train/                  |           |
|    approx_kl            | 0.2828239 |
|    clip_fraction        | 0.736     |
|    clip_range           | 0.2       |
|    entropy_loss         | -40.8     |
|    explained_variance   | 0.437     |
|    learning_rate        | 0.0003    |
|    loss                 | -0.0846   |
|    n_updates            | 130       |
|    policy_gradient_loss | -0.0546   |
|    std                  | 0.987     |
|    value_loss           | 0.0269    |
---------------------------------------
---------------------------------------
| rollout/                |           |
|    ep_len_mean          | 64.3      |
|    ep_rew_mean          | -20.1     |
|    success_rate         | 0         |
| time/                   |           |
|    fps                  | 366       |
|    iterations           | 15        |
|    time_elapsed         | 671       |
|    total_timesteps      | 245760    |
| train/                  |           |
|    approx_kl            | 0.2883849 |
|    clip_fraction        | 0.744     |
|    clip_range           | 0.2       |
|    entropy_loss         | -40.7     |
|    explained_variance   | 0.449     |
|    learning_rate        | 0.0003    |
|    loss                 | -0.112    |
|    n_updates            | 140       |
|    policy_gradient_loss | -0.0553   |
|    std                  | 0.984     |
|    value_loss           | 0.0248    |
---------------------------------------
----------------------------------------
| rollout/                |            |
|    ep_len_mean          | 60.5       |
|    ep_rew_mean          | -24.7      |
|    success_rate         | 0          |
| time/                   |            |
|    fps                  | 371        |
|    iterations           | 16         |
|    time_elapsed         | 704        |
|    total_timesteps      | 262144     |
| train/                  |            |
|    approx_kl            | 0.31111404 |
|    clip_fraction        | 0.746      |
|    clip_range           | 0.2        |
|    entropy_loss         | -40.7      |
|    explained_variance   | 0.488      |
|    learning_rate        | 0.0003     |
|    loss                 | -0.0546    |
|    n_updates            | 150        |
|    policy_gradient_loss | -0.055     |
|    std                  | 0.984      |
|    value_loss           | 0.0257     |
----------------------------------------
---------------------------------------
| rollout/                |           |
|    ep_len_mean          | 60        |
|    ep_rew_mean          | -21.4     |
|    success_rate         | 0         |
| time/                   |           |
|    fps                  | 377       |
|    iterations           | 17        |
|    time_elapsed         | 738       |
|    total_timesteps      | 278528    |
| train/                  |           |
|    approx_kl            | 0.3136279 |
|    clip_fraction        | 0.751     |
|    clip_range           | 0.2       |
|    entropy_loss         | -40.7     |
|    explained_variance   | 0.486     |
|    learning_rate        | 0.0003    |
|    loss                 | -0.0885   |
|    n_updates            | 160       |
|    policy_gradient_loss | -0.0544   |
|    std                  | 0.984     |
|    value_loss           | 0.0274    |
---------------------------------------
----------------------------------------
| rollout/                |            |
|    ep_len_mean          | 57.8       |
|    ep_rew_mean          | -18.6      |
|    success_rate         | 0          |
| time/                   |            |
|    fps                  | 381        |
|    iterations           | 18         |
|    time_elapsed         | 772        |
|    total_timesteps      | 294912     |
| train/                  |            |
|    approx_kl            | 0.34902164 |
|    clip_fraction        | 0.757      |
|    clip_range           | 0.2        |
|    entropy_loss         | -40.7      |
|    explained_variance   | 0.516      |
|    learning_rate        | 0.0003     |
|    loss                 | -0.112     |
|    n_updates            | 170        |
|    policy_gradient_loss | -0.0561    |
|    std                  | 0.983      |
|    value_loss           | 0.0281     |
----------------------------------------
----------------------------------------
| rollout/                |            |
|    ep_len_mean          | 58.1       |
|    ep_rew_mean          | -17.5      |
|    success_rate         | 0          |
| time/                   |            |
|    fps                  | 384        |
|    iterations           | 19         |
|    time_elapsed         | 808        |
|    total_timesteps      | 311296     |
| train/                  |            |
|    approx_kl            | 0.37409163 |
|    clip_fraction        | 0.763      |
|    clip_range           | 0.2        |
|    entropy_loss         | -40.6      |
|    explained_variance   | 0.498      |
|    learning_rate        | 0.0003     |
|    loss                 | -0.125     |
|    n_updates            | 180        |
|    policy_gradient_loss | -0.0572    |
|    std                  | 0.981      |
|    value_loss           | 0.0285     |
----------------------------------------
----------------------------------------
| rollout/                |            |
|    ep_len_mean          | 58.6       |
|    ep_rew_mean          | -15.6      |
|    success_rate         | 0          |
| time/                   |            |
|    fps                  | 386        |
|    iterations           | 20         |
|    time_elapsed         | 847        |
|    total_timesteps      | 327680     |
| train/                  |            |
|    approx_kl            | 0.37820077 |
|    clip_fraction        | 0.765      |
|    clip_range           | 0.2        |
|    entropy_loss         | -40.6      |
|    explained_variance   | 0.525      |
|    learning_rate        | 0.0003     |
|    loss                 | -0.0888    |
|    n_updates            | 190        |
|    policy_gradient_loss | -0.0569    |
|    std                  | 0.98       |
|    value_loss           | 0.0268     |
----------------------------------------
---------------------------------------
| rollout/                |           |
|    ep_len_mean          | 56.4      |
|    ep_rew_mean          | -15.7     |
|    success_rate         | 0         |
| time/                   |           |
|    fps                  | 390       |
|    iterations           | 21        |
|    time_elapsed         | 881       |
|    total_timesteps      | 344064    |
| train/                  |           |
|    approx_kl            | 0.3922956 |
|    clip_fraction        | 0.769     |
|    clip_range           | 0.2       |
|    entropy_loss         | -40.5     |
|    explained_variance   | 0.495     |
|    learning_rate        | 0.0003    |
|    loss                 | -0.0783   |
|    n_updates            | 200       |
|    policy_gradient_loss | -0.0562   |
|    std                  | 0.978     |
|    value_loss           | 0.029     |
---------------------------------------
----------------------------------------
| rollout/                |            |
|    ep_len_mean          | 59.1       |
|    ep_rew_mean          | -15.9      |
|    success_rate         | 0          |
| time/                   |            |
|    fps                  | 394        |
|    iterations           | 22         |
|    time_elapsed         | 913        |
|    total_timesteps      | 360448     |
| train/                  |            |
|    approx_kl            | 0.39827642 |
|    clip_fraction        | 0.772      |
|    clip_range           | 0.2        |
|    entropy_loss         | -40.5      |
|    explained_variance   | 0.567      |
|    learning_rate        | 0.0003     |
|    loss                 | -0.102     |
|    n_updates            | 210        |
|    policy_gradient_loss | -0.057     |
|    std                  | 0.976      |
|    value_loss           | 0.0268     |
----------------------------------------
----------------------------------------
| rollout/                |            |
|    ep_len_mean          | 58.5       |
|    ep_rew_mean          | -12.4      |
|    success_rate         | 0          |
| time/                   |            |
|    fps                  | 397        |
|    iterations           | 23         |
|    time_elapsed         | 948        |
|    total_timesteps      | 376832     |
| train/                  |            |
|    approx_kl            | 0.43014863 |
|    clip_fraction        | 0.777      |
|    clip_range           | 0.2        |
|    entropy_loss         | -40.4      |
|    explained_variance   | 0.5        |
|    learning_rate        | 0.0003     |
|    loss                 | -0.115     |
|    n_updates            | 220        |
|    policy_gradient_loss | -0.0561    |
|    std                  | 0.973      |
|    value_loss           | 0.0278     |
----------------------------------------
----------------------------------------
| rollout/                |            |
|    ep_len_mean          | 60.4       |
|    ep_rew_mean          | -11        |
|    success_rate         | 0          |
| time/                   |            |
|    fps                  | 398        |
|    iterations           | 24         |
|    time_elapsed         | 987        |
|    total_timesteps      | 393216     |
| train/                  |            |
|    approx_kl            | 0.45325592 |
|    clip_fraction        | 0.781      |
|    clip_range           | 0.2        |
|    entropy_loss         | -40.3      |
|    explained_variance   | 0.499      |
|    learning_rate        | 0.0003     |
|    loss                 | -0.0957    |
|    n_updates            | 230        |
|    policy_gradient_loss | -0.0571    |
|    std                  | 0.972      |
|    value_loss           | 0.0297     |
----------------------------------------
----------------------------------------
| rollout/                |            |
|    ep_len_mean          | 54.1       |
|    ep_rew_mean          | -11.4      |
|    success_rate         | 0          |
| time/                   |            |
|    fps                  | 401        |
|    iterations           | 25         |
|    time_elapsed         | 1021       |
|    total_timesteps      | 409600     |
| train/                  |            |
|    approx_kl            | 0.46456677 |
|    clip_fraction        | 0.785      |
|    clip_range           | 0.2        |
|    entropy_loss         | -40.3      |
|    explained_variance   | 0.59       |
|    learning_rate        | 0.0003     |
|    loss                 | -0.106     |
|    n_updates            | 240        |
|    policy_gradient_loss | -0.0546    |
|    std                  | 0.969      |
|    value_loss           | 0.0319     |
----------------------------------------
---------------------------------------
| rollout/                |           |
|    ep_len_mean          | 56.9      |
|    ep_rew_mean          | -8.78     |
|    success_rate         | 0         |
| time/                   |           |
|    fps                  | 404       |
|    iterations           | 26        |
|    time_elapsed         | 1052      |
|    total_timesteps      | 425984    |
| train/                  |           |
|    approx_kl            | 0.4774344 |
|    clip_fraction        | 0.788     |
|    clip_range           | 0.2       |
|    entropy_loss         | -40.2     |
|    explained_variance   | 0.566     |
|    learning_rate        | 0.0003    |
|    loss                 | -0.105    |
|    n_updates            | 250       |
|    policy_gradient_loss | -0.0546   |
|    std                  | 0.967     |
|    value_loss           | 0.0323    |
---------------------------------------
----------------------------------------
| rollout/                |            |
|    ep_len_mean          | 57.3       |
|    ep_rew_mean          | -8.22      |
|    success_rate         | 0          |
| time/                   |            |
|    fps                  | 407        |
|    iterations           | 27         |
|    time_elapsed         | 1086       |
|    total_timesteps      | 442368     |
| train/                  |            |
|    approx_kl            | 0.49370453 |
|    clip_fraction        | 0.794      |
|    clip_range           | 0.2        |
|    entropy_loss         | -40.1      |
|    explained_variance   | 0.582      |
|    learning_rate        | 0.0003     |
|    loss                 | -0.113     |
|    n_updates            | 260        |
|    policy_gradient_loss | -0.0544    |
|    std                  | 0.963      |
|    value_loss           | 0.0322     |
----------------------------------------
----------------------------------------
| rollout/                |            |
|    ep_len_mean          | 57.6       |
|    ep_rew_mean          | -6.08      |
|    success_rate         | 0          |
| time/                   |            |
|    fps                  | 407        |
|    iterations           | 28         |
|    time_elapsed         | 1125       |
|    total_timesteps      | 458752     |
| train/                  |            |
|    approx_kl            | 0.53364533 |
|    clip_fraction        | 0.797      |
|    clip_range           | 0.2        |
|    entropy_loss         | -40        |
|    explained_variance   | 0.618      |
|    learning_rate        | 0.0003     |
|    loss                 | -0.0692    |
|    n_updates            | 270        |
|    policy_gradient_loss | -0.0558    |
|    std                  | 0.959      |
|    value_loss           | 0.0322     |
----------------------------------------
----------------------------------------
| rollout/                |            |
|    ep_len_mean          | 56.2       |
|    ep_rew_mean          | -6.37      |
|    success_rate         | 0          |
| time/                   |            |
|    fps                  | 410        |
|    iterations           | 29         |
|    time_elapsed         | 1156       |
|    total_timesteps      | 475136     |
| train/                  |            |
|    approx_kl            | 0.54886955 |
|    clip_fraction        | 0.801      |
|    clip_range           | 0.2        |
|    entropy_loss         | -39.9      |
|    explained_variance   | 0.574      |
|    learning_rate        | 0.0003     |
|    loss                 | -0.13      |
|    n_updates            | 280        |
|    policy_gradient_loss | -0.055     |
|    std                  | 0.957      |
|    value_loss           | 0.033      |
----------------------------------------
----------------------------------------
| rollout/                |            |
|    ep_len_mean          | 56.4       |
|    ep_rew_mean          | -5.3       |
|    success_rate         | 0          |
| time/                   |            |
|    fps                  | 413        |
|    iterations           | 30         |
|    time_elapsed         | 1190       |
|    total_timesteps      | 491520     |
| train/                  |            |
|    approx_kl            | 0.55386114 |
|    clip_fraction        | 0.803      |
|    clip_range           | 0.2        |
|    entropy_loss         | -39.8      |
|    explained_variance   | 0.569      |
|    learning_rate        | 0.0003     |
|    loss                 | -0.0829    |
|    n_updates            | 290        |
|    policy_gradient_loss | -0.0557    |
|    std                  | 0.952      |
|    value_loss           | 0.0365     |
----------------------------------------
---------------------------------------
| rollout/                |           |
|    ep_len_mean          | 61.2      |
|    ep_rew_mean          | -3.44     |
|    success_rate         | 0         |
| time/                   |           |
|    fps                  | 409       |
|    iterations           | 31        |
|    time_elapsed         | 1239      |
|    total_timesteps      | 507904    |
| train/                  |           |
|    approx_kl            | 0.5935971 |
|    clip_fraction        | 0.804     |
|    clip_range           | 0.2       |
|    entropy_loss         | -39.7     |
|    explained_variance   | 0.588     |
|    learning_rate        | 0.0003    |
|    loss                 | -0.112    |
|    n_updates            | 300       |
|    policy_gradient_loss | -0.0551   |
|    std                  | 0.951     |
|    value_loss           | 0.0354    |
---------------------------------------
---------------------------------------
| rollout/                |           |
|    ep_len_mean          | 58.4      |
|    ep_rew_mean          | -2.22     |
|    success_rate         | 0         |
| time/                   |           |
|    fps                  | 385       |
|    iterations           | 32        |
|    time_elapsed         | 1360      |
|    total_timesteps      | 524288    |
| train/                  |           |
|    approx_kl            | 0.6052352 |
|    clip_fraction        | 0.807     |
|    clip_range           | 0.2       |
|    entropy_loss         | -39.7     |
|    explained_variance   | 0.589     |
|    learning_rate        | 0.0003    |
|    loss                 | -0.101    |
|    n_updates            | 310       |
|    policy_gradient_loss | -0.055    |
|    std                  | 0.949     |
|    value_loss           | 0.0375    |
---------------------------------------
---------------------------------------
| rollout/                |           |
|    ep_len_mean          | 59.4      |
|    ep_rew_mean          | -3.29     |
|    success_rate         | 0         |
| time/                   |           |
|    fps                  | 374       |
|    iterations           | 33        |
|    time_elapsed         | 1445      |
|    total_timesteps      | 540672    |
| train/                  |           |
|    approx_kl            | 0.6154096 |
|    clip_fraction        | 0.812     |
|    clip_range           | 0.2       |
|    entropy_loss         | -39.6     |
|    explained_variance   | 0.612     |
|    learning_rate        | 0.0003    |
|    loss                 | -0.107    |
|    n_updates            | 320       |
|    policy_gradient_loss | -0.0526   |
|    std                  | 0.946     |
|    value_loss           | 0.041     |
---------------------------------------
---------------------------------------
| rollout/                |           |
|    ep_len_mean          | 59.8      |
|    ep_rew_mean          | 0.168     |
|    success_rate         | 0         |
| time/                   |           |
|    fps                  | 377       |
|    iterations           | 34        |
|    time_elapsed         | 1476      |
|    total_timesteps      | 557056    |
| train/                  |           |
|    approx_kl            | 0.6324675 |
|    clip_fraction        | 0.811     |
|    clip_range           | 0.2       |
|    entropy_loss         | -39.5     |
|    explained_variance   | 0.604     |
|    learning_rate        | 0.0003    |
|    loss                 | -0.0978   |
|    n_updates            | 330       |
|    policy_gradient_loss | -0.0547   |
|    std                  | 0.941     |
|    value_loss           | 0.0444    |
---------------------------------------
---------------------------------------
| rollout/                |           |
|    ep_len_mean          | 62.4      |
|    ep_rew_mean          | -0.6      |
|    success_rate         | 0         |
| time/                   |           |
|    fps                  | 380       |
|    iterations           | 35        |
|    time_elapsed         | 1506      |
|    total_timesteps      | 573440    |
| train/                  |           |
|    approx_kl            | 0.6357798 |
|    clip_fraction        | 0.816     |
|    clip_range           | 0.2       |
|    entropy_loss         | -39.3     |
|    explained_variance   | 0.611     |
|    learning_rate        | 0.0003    |
|    loss                 | -0.0932   |
|    n_updates            | 340       |
|    policy_gradient_loss | -0.0532   |
|    std                  | 0.938     |
|    value_loss           | 0.0443    |
---------------------------------------
----------------------------------------
| rollout/                |            |
|    ep_len_mean          | 62         |
|    ep_rew_mean          | -1.25      |
|    success_rate         | 0          |
| time/                   |            |
|    fps                  | 383        |
|    iterations           | 36         |
|    time_elapsed         | 1538       |
|    total_timesteps      | 589824     |
| train/                  |            |
|    approx_kl            | 0.64723307 |
|    clip_fraction        | 0.816      |
|    clip_range           | 0.2        |
|    entropy_loss         | -39.3      |
|    explained_variance   | 0.611      |
|    learning_rate        | 0.0003     |
|    loss                 | -0.105     |
|    n_updates            | 350        |
|    policy_gradient_loss | -0.0527    |
|    std                  | 0.936      |
|    value_loss           | 0.0439     |
----------------------------------------
---------------------------------------
| rollout/                |           |
|    ep_len_mean          | 59.1      |
|    ep_rew_mean          | 0.18      |
|    success_rate         | 0         |
| time/                   |           |
|    fps                  | 386       |
|    iterations           | 37        |
|    time_elapsed         | 1570      |
|    total_timesteps      | 606208    |
| train/                  |           |
|    approx_kl            | 0.6502471 |
|    clip_fraction        | 0.818     |
|    clip_range           | 0.2       |
|    entropy_loss         | -39.2     |
|    explained_variance   | 0.633     |
|    learning_rate        | 0.0003    |
|    loss                 | -0.0812   |
|    n_updates            | 360       |
|    policy_gradient_loss | -0.051    |
|    std                  | 0.935     |
|    value_loss           | 0.0458    |
---------------------------------------
----------------------------------------
| rollout/                |            |
|    ep_len_mean          | 59         |
|    ep_rew_mean          | -1.48      |
|    success_rate         | 0          |
| time/                   |            |
|    fps                  | 388        |
|    iterations           | 38         |
|    time_elapsed         | 1602       |
|    total_timesteps      | 622592     |
| train/                  |            |
|    approx_kl            | 0.70594025 |
|    clip_fraction        | 0.821      |
|    clip_range           | 0.2        |
|    entropy_loss         | -39.1      |
|    explained_variance   | 0.654      |
|    learning_rate        | 0.0003     |
|    loss                 | -0.114     |
|    n_updates            | 370        |
|    policy_gradient_loss | -0.0541    |
|    std                  | 0.933      |
|    value_loss           | 0.0474     |
----------------------------------------
--------------------------------------
| rollout/                |          |
|    ep_len_mean          | 61.9     |
|    ep_rew_mean          | 1.07     |
|    success_rate         | 0        |
| time/                   |          |
|    fps                  | 391      |
|    iterations           | 39       |
|    time_elapsed         | 1633     |
|    total_timesteps      | 638976   |
| train/                  |          |
|    approx_kl            | 0.735457 |
|    clip_fraction        | 0.819    |
|    clip_range           | 0.2      |
|    entropy_loss         | -39.1    |
|    explained_variance   | 0.623    |
|    learning_rate        | 0.0003   |
|    loss                 | -0.034   |
|    n_updates            | 380      |
|    policy_gradient_loss | -0.0514  |
|    std                  | 0.932    |
|    value_loss           | 0.0467   |
--------------------------------------
----------------------------------------
| rollout/                |            |
|    ep_len_mean          | 63.6       |
|    ep_rew_mean          | 1.95       |
|    success_rate         | 0          |
| time/                   |            |
|    fps                  | 393        |
|    iterations           | 40         |
|    time_elapsed         | 1665       |
|    total_timesteps      | 655360     |
| train/                  |            |
|    approx_kl            | 0.73713076 |
|    clip_fraction        | 0.823      |
|    clip_range           | 0.2        |
|    entropy_loss         | -39.1      |
|    explained_variance   | 0.641      |
|    learning_rate        | 0.0003     |
|    loss                 | -0.0946    |
|    n_updates            | 390        |
|    policy_gradient_loss | -0.0531    |
|    std                  | 0.93       |
|    value_loss           | 0.0457     |
----------------------------------------
----------------------------------------
| rollout/                |            |
|    ep_len_mean          | 60.1       |
|    ep_rew_mean          | 2.77       |
|    success_rate         | 0          |
| time/                   |            |
|    fps                  | 395        |
|    iterations           | 41         |
|    time_elapsed         | 1696       |
|    total_timesteps      | 671744     |
| train/                  |            |
|    approx_kl            | 0.76283324 |
|    clip_fraction        | 0.825      |
|    clip_range           | 0.2        |
|    entropy_loss         | -39        |
|    explained_variance   | 0.664      |
|    learning_rate        | 0.0003     |
|    loss                 | -0.0729    |
|    n_updates            | 400        |
|    policy_gradient_loss | -0.052     |
|    std                  | 0.93       |
|    value_loss           | 0.0467     |
----------------------------------------
---------------------------------------
| rollout/                |           |
|    ep_len_mean          | 60.3      |
|    ep_rew_mean          | 1.8       |
|    success_rate         | 0         |
| time/                   |           |
|    fps                  | 398       |
|    iterations           | 42        |
|    time_elapsed         | 1727      |
|    total_timesteps      | 688128    |
| train/                  |           |
|    approx_kl            | 0.7846664 |
|    clip_fraction        | 0.83      |
|    clip_range           | 0.2       |
|    entropy_loss         | -38.9     |
|    explained_variance   | 0.648     |
|    learning_rate        | 0.0003    |
|    loss                 | -0.114    |
|    n_updates            | 410       |
|    policy_gradient_loss | -0.0524   |
|    std                  | 0.927     |
|    value_loss           | 0.0473    |
---------------------------------------
---------------------------------------
| rollout/                |           |
|    ep_len_mean          | 62.9      |
|    ep_rew_mean          | 1.38      |
|    success_rate         | 0         |
| time/                   |           |
|    fps                  | 400       |
|    iterations           | 43        |
|    time_elapsed         | 1759      |
|    total_timesteps      | 704512    |
| train/                  |           |
|    approx_kl            | 0.7957519 |
|    clip_fraction        | 0.83      |
|    clip_range           | 0.2       |
|    entropy_loss         | -38.9     |
|    explained_variance   | 0.669     |
|    learning_rate        | 0.0003    |
|    loss                 | -0.104    |
|    n_updates            | 420       |
|    policy_gradient_loss | -0.0488   |
|    std                  | 0.925     |
|    value_loss           | 0.0527    |
---------------------------------------
---------------------------------------
| rollout/                |           |
|    ep_len_mean          | 65        |
|    ep_rew_mean          | 4.5       |
|    success_rate         | 0         |
| time/                   |           |
|    fps                  | 402       |
|    iterations           | 44        |
|    time_elapsed         | 1790      |
|    total_timesteps      | 720896    |
| train/                  |           |
|    approx_kl            | 0.8015869 |
|    clip_fraction        | 0.831     |
|    clip_range           | 0.2       |
|    entropy_loss         | -38.8     |
|    explained_variance   | 0.644     |
|    learning_rate        | 0.0003    |
|    loss                 | -0.0264   |
|    n_updates            | 430       |
|    policy_gradient_loss | -0.0482   |
|    std                  | 0.923     |
|    value_loss           | 0.0561    |
---------------------------------------
---------------------------------------
| rollout/                |           |
|    ep_len_mean          | 58.6      |
|    ep_rew_mean          | 1.61      |
|    success_rate         | 0         |
| time/                   |           |
|    fps                  | 404       |
|    iterations           | 45        |
|    time_elapsed         | 1821      |
|    total_timesteps      | 737280    |
| train/                  |           |
|    approx_kl            | 0.8355397 |
|    clip_fraction        | 0.832     |
|    clip_range           | 0.2       |
|    entropy_loss         | -38.8     |
|    explained_variance   | 0.618     |
|    learning_rate        | 0.0003    |
|    loss                 | -0.115    |
|    n_updates            | 440       |
|    policy_gradient_loss | -0.0492   |
|    std                  | 0.92      |
|    value_loss           | 0.0519    |
---------------------------------------
----------------------------------------
| rollout/                |            |
|    ep_len_mean          | 60.5       |
|    ep_rew_mean          | 5.05       |
|    success_rate         | 0          |
| time/                   |            |
|    fps                  | 406        |
|    iterations           | 46         |
|    time_elapsed         | 1853       |
|    total_timesteps      | 753664     |
| train/                  |            |
|    approx_kl            | 0.82104754 |
|    clip_fraction        | 0.834      |
|    clip_range           | 0.2        |
|    entropy_loss         | -38.7      |
|    explained_variance   | 0.625      |
|    learning_rate        | 0.0003     |
|    loss                 | -0.102     |
|    n_updates            | 450        |
|    policy_gradient_loss | -0.0506    |
|    std                  | 0.919      |
|    value_loss           | 0.0506     |
----------------------------------------
---------------------------------------
| rollout/                |           |
|    ep_len_mean          | 65.1      |
|    ep_rew_mean          | 4.54      |
|    success_rate         | 0         |
| time/                   |           |
|    fps                  | 408       |
|    iterations           | 47        |
|    time_elapsed         | 1885      |
|    total_timesteps      | 770048    |
| train/                  |           |
|    approx_kl            | 0.8350229 |
|    clip_fraction        | 0.835     |
|    clip_range           | 0.2       |
|    entropy_loss         | -38.7     |
|    explained_variance   | 0.671     |
|    learning_rate        | 0.0003    |
|    loss                 | -0.0936   |
|    n_updates            | 460       |
|    policy_gradient_loss | -0.0495   |
|    std                  | 0.918     |
|    value_loss           | 0.0523    |
---------------------------------------
----------------------------------------
| rollout/                |            |
|    ep_len_mean          | 65.4       |
|    ep_rew_mean          | 6.75       |
|    success_rate         | 0          |
| time/                   |            |
|    fps                  | 409        |
|    iterations           | 48         |
|    time_elapsed         | 1921       |
|    total_timesteps      | 786432     |
| train/                  |            |
|    approx_kl            | 0.88092715 |
|    clip_fraction        | 0.838      |
|    clip_range           | 0.2        |
|    entropy_loss         | -38.6      |
|    explained_variance   | 0.659      |
|    learning_rate        | 0.0003     |
|    loss                 | -0.106     |
|    n_updates            | 470        |
|    policy_gradient_loss | -0.0506    |
|    std                  | 0.918      |
|    value_loss           | 0.0509     |
----------------------------------------
---------------------------------------
| rollout/                |           |
|    ep_len_mean          | 59.8      |
|    ep_rew_mean          | -0.296    |
|    success_rate         | 0         |
| time/                   |           |
|    fps                  | 410       |
|    iterations           | 49        |
|    time_elapsed         | 1955      |
|    total_timesteps      | 802816    |
| train/                  |           |
|    approx_kl            | 0.9306506 |
|    clip_fraction        | 0.839     |
|    clip_range           | 0.2       |
|    entropy_loss         | -38.7     |
|    explained_variance   | 0.644     |
|    learning_rate        | 0.0003    |
|    loss                 | -0.0811   |
|    n_updates            | 480       |
|    policy_gradient_loss | -0.0483   |
|    std                  | 0.92      |
|    value_loss           | 0.0523    |
---------------------------------------
----------------------------------------
| rollout/                |            |
|    ep_len_mean          | 64.9       |
|    ep_rew_mean          | 4.2        |
|    success_rate         | 0          |
| time/                   |            |
|    fps                  | 412        |
|    iterations           | 50         |
|    time_elapsed         | 1986       |
|    total_timesteps      | 819200     |
| train/                  |            |
|    approx_kl            | 0.95109135 |
|    clip_fraction        | 0.839      |
|    clip_range           | 0.2        |
|    entropy_loss         | -38.6      |
|    explained_variance   | 0.639      |
|    learning_rate        | 0.0003     |
|    loss                 | -0.105     |
|    n_updates            | 490        |
|    policy_gradient_loss | -0.0477    |
|    std                  | 0.916      |
|    value_loss           | 0.0505     |
----------------------------------------
---------------------------------------
| rollout/                |           |
|    ep_len_mean          | 61.5      |
|    ep_rew_mean          | 2.77      |
|    success_rate         | 0         |
| time/                   |           |
|    fps                  | 413       |
|    iterations           | 51        |
|    time_elapsed         | 2020      |
|    total_timesteps      | 835584    |
| train/                  |           |
|    approx_kl            | 0.8899189 |
|    clip_fraction        | 0.838     |
|    clip_range           | 0.2       |
|    entropy_loss         | -38.5     |
|    explained_variance   | 0.658     |
|    learning_rate        | 0.0003    |
|    loss                 | -0.0839   |
|    n_updates            | 500       |
|    policy_gradient_loss | -0.0496   |
|    std                  | 0.913     |
|    value_loss           | 0.0489    |
---------------------------------------
---------------------------------------
| rollout/                |           |
|    ep_len_mean          | 57.8      |
|    ep_rew_mean          | 4.13      |
|    success_rate         | 0         |
| time/                   |           |
|    fps                  | 415       |
|    iterations           | 52        |
|    time_elapsed         | 2051      |
|    total_timesteps      | 851968    |
| train/                  |           |
|    approx_kl            | 0.9333664 |
|    clip_fraction        | 0.842     |
|    clip_range           | 0.2       |
|    entropy_loss         | -38.4     |
|    explained_variance   | 0.676     |
|    learning_rate        | 0.0003    |
|    loss                 | -0.0786   |
|    n_updates            | 510       |
|    policy_gradient_loss | -0.0464   |
|    std                  | 0.911     |
|    value_loss           | 0.0506    |
---------------------------------------
----------------------------------------
| rollout/                |            |
|    ep_len_mean          | 57.7       |
|    ep_rew_mean          | 3.45       |
|    success_rate         | 0          |
| time/                   |            |
|    fps                  | 416        |
|    iterations           | 53         |
|    time_elapsed         | 2082       |
|    total_timesteps      | 868352     |
| train/                  |            |
|    approx_kl            | 0.97585034 |
|    clip_fraction        | 0.845      |
|    clip_range           | 0.2        |
|    entropy_loss         | -38.4      |
|    explained_variance   | 0.681      |
|    learning_rate        | 0.0003     |
|    loss                 | -0.11      |
|    n_updates            | 520        |
|    policy_gradient_loss | -0.0461    |
|    std                  | 0.909      |
|    value_loss           | 0.0519     |
----------------------------------------
----------------------------------------
| rollout/                |            |
|    ep_len_mean          | 58.3       |
|    ep_rew_mean          | 6.81       |
|    success_rate         | 0          |
| time/                   |            |
|    fps                  | 418        |
|    iterations           | 54         |
|    time_elapsed         | 2114       |
|    total_timesteps      | 884736     |
| train/                  |            |
|    approx_kl            | 0.96733755 |
|    clip_fraction        | 0.846      |
|    clip_range           | 0.2        |
|    entropy_loss         | -38.3      |
|    explained_variance   | 0.69       |
|    learning_rate        | 0.0003     |
|    loss                 | -0.0535    |
|    n_updates            | 530        |
|    policy_gradient_loss | -0.045     |
|    std                  | 0.908      |
|    value_loss           | 0.0499     |
----------------------------------------
---------------------------------------
| rollout/                |           |
|    ep_len_mean          | 61.5      |
|    ep_rew_mean          | 3.83      |
|    success_rate         | 0         |
| time/                   |           |
|    fps                  | 419       |
|    iterations           | 55        |
|    time_elapsed         | 2146      |
|    total_timesteps      | 901120    |
| train/                  |           |
|    approx_kl            | 0.9660869 |
|    clip_fraction        | 0.846     |
|    clip_range           | 0.2       |
|    entropy_loss         | -38.2     |
|    explained_variance   | 0.688     |
|    learning_rate        | 0.0003    |
|    loss                 | -0.0694   |
|    n_updates            | 540       |
|    policy_gradient_loss | -0.044    |
|    std                  | 0.906     |
|    value_loss           | 0.048     |
---------------------------------------
----------------------------------------
| rollout/                |            |
|    ep_len_mean          | 57.4       |
|    ep_rew_mean          | 6.61       |
|    success_rate         | 0          |
| time/                   |            |
|    fps                  | 421        |
|    iterations           | 56         |
|    time_elapsed         | 2176       |
|    total_timesteps      | 917504     |
| train/                  |            |
|    approx_kl            | 0.99501455 |
|    clip_fraction        | 0.845      |
|    clip_range           | 0.2        |
|    entropy_loss         | -38.2      |
|    explained_variance   | 0.695      |
|    learning_rate        | 0.0003     |
|    loss                 | -0.111     |
|    n_updates            | 550        |
|    policy_gradient_loss | -0.0437    |
|    std                  | 0.903      |
|    value_loss           | 0.052      |
----------------------------------------
--------------------------------------
| rollout/                |          |
|    ep_len_mean          | 59.7     |
|    ep_rew_mean          | 6        |
|    success_rate         | 0        |
| time/                   |          |
|    fps                  | 422      |
|    iterations           | 57       |
|    time_elapsed         | 2208     |
|    total_timesteps      | 933888   |
| train/                  |          |
|    approx_kl            | 1.018117 |
|    clip_fraction        | 0.847    |
|    clip_range           | 0.2      |
|    entropy_loss         | -38      |
|    explained_variance   | 0.683    |
|    learning_rate        | 0.0003   |
|    loss                 | -0.116   |
|    n_updates            | 560      |
|    policy_gradient_loss | -0.0452  |
|    std                  | 0.897    |
|    value_loss           | 0.0578   |
--------------------------------------
---------------------------------------
| rollout/                |           |
|    ep_len_mean          | 61.2      |
|    ep_rew_mean          | 6.76      |
|    success_rate         | 0         |
| time/                   |           |
|    fps                  | 424       |
|    iterations           | 58        |
|    time_elapsed         | 2239      |
|    total_timesteps      | 950272    |
| train/                  |           |
|    approx_kl            | 1.0234107 |
|    clip_fraction        | 0.848     |
|    clip_range           | 0.2       |
|    entropy_loss         | -37.9     |
|    explained_variance   | 0.701     |
|    learning_rate        | 0.0003    |
|    loss                 | -0.0968   |
|    n_updates            | 570       |
|    policy_gradient_loss | -0.0408   |
|    std                  | 0.897     |
|    value_loss           | 0.0549    |
---------------------------------------
--------------------------------------
| rollout/                |          |
|    ep_len_mean          | 62.7     |
|    ep_rew_mean          | 7.23     |
|    success_rate         | 0        |
| time/                   |          |
|    fps                  | 424      |
|    iterations           | 59       |
|    time_elapsed         | 2275     |
|    total_timesteps      | 966656   |
| train/                  |          |
|    approx_kl            | 1.017331 |
|    clip_fraction        | 0.849    |
|    clip_range           | 0.2      |
|    entropy_loss         | -37.8    |
|    explained_variance   | 0.722    |
|    learning_rate        | 0.0003   |
|    loss                 | -0.109   |
|    n_updates            | 580      |
|    policy_gradient_loss | -0.0426  |
|    std                  | 0.891    |
|    value_loss           | 0.052    |
--------------------------------------
---------------------------------------
| rollout/                |           |
|    ep_len_mean          | 58.9      |
|    ep_rew_mean          | 7.89      |
|    success_rate         | 0         |
| time/                   |           |
|    fps                  | 425       |
|    iterations           | 60        |
|    time_elapsed         | 2307      |
|    total_timesteps      | 983040    |
| train/                  |           |
|    approx_kl            | 1.0780079 |
|    clip_fraction        | 0.85      |
|    clip_range           | 0.2       |
|    entropy_loss         | -37.7     |
|    explained_variance   | 0.711     |
|    learning_rate        | 0.0003    |
|    loss                 | -0.0824   |
|    n_updates            | 590       |
|    policy_gradient_loss | -0.0425   |
|    std                  | 0.89      |
|    value_loss           | 0.0566    |
---------------------------------------
